// Jest Snapshot v1, https://goo.gl/fbAQLP

exports[`MultiSelectFilterContainerComponent matches snapshot 1`] = `
<Accordion
  className="accordion-inverse"
  isMultiselectable={false}
>
  <AccordionItem
    BBB={[Function]}
    buttonClass=""
    childClass=""
    className=""
    expandAll={true}
    expanded={false}
    id="checkbox-title"
    title="title"
    useIdClass={true}
  />
</Accordion>
`;
