// Jest Snapshot v1, https://goo.gl/fbAQLP

exports[`UserProfileContactInformationComponent matches snapshot 1`] = `
<div
  className="current-user-section-container"
>
  <div
    className="section-padded-inner-container"
  >
    <PositionInformation
      className=""
      icon="list-alt"
      small={true}
      title="Contact Information"
    />
    <InformationDataPoint
      className=""
      content="doej@state.gov"
      sideBySide={false}
      title="Email Address"
      titleOnBottom={false}
    />
    <Connect(StaticDevContent)>
      <InformationDataPoint
        className=""
        content="None listed"
        sideBySide={false}
        title="Office Number"
        titleOnBottom={false}
      />
    </Connect(StaticDevContent)>
    <Connect(StaticDevContent)>
      <InformationDataPoint
        className=""
        content="None listed"
        sideBySide={false}
        title="Personal Contact Number"
        titleOnBottom={false}
      />
    </Connect(StaticDevContent)>
    <Connect(StaticDevContent)>
      <InformationDataPoint
        className=""
        content="None listed"
        sideBySide={false}
        title="Post/Office Address"
        titleOnBottom={false}
      />
    </Connect(StaticDevContent)>
  </div>
</div>
`;
