// Jest Snapshot v1, https://goo.gl/fbAQLP

exports[`EditContentButtonComponent matches snapshot 1`] = `
<InteractiveElement
  className="description-edit"
  onClick={[Function]}
  onKeyUp={[Function]}
  role="button"
  title="edit banner content"
  type="span"
>
  <FontAwesome
    name="pencil"
  />
</InteractiveElement>
`;
