// Jest Snapshot v1, https://goo.gl/fbAQLP

exports[`ResultsCondensedCardStatsComponent matches snapshot 1`] = `
<div
  className="condensed-card-footer condensed-card-statistics"
>
  <div
    className="usa-grid-full condensed-card-statistics-inner"
  >
    <BidCount
      altStyle={false}
      bidStatistics={Object {}}
      hideLabel={false}
      isCondensed={false}
      label="Bid count:"
    />
  </div>
</div>
`;
