// Jest Snapshot v1, https://goo.gl/fbAQLP

exports[`EmployeeAgendaSearchCards matches snapshot 1`] = `
<div
  className="employee-agenda-card-container"
>
  <BoxShadow
    blurRadius={10}
    className="usa-grid-full employee-agenda-card"
    color="rgba(0,0,0,.15)"
    inset={false}
    is="div"
    offsetX={3}
    offsetY={2}
    spreadRadius={1}
    style={Object {}}
  >
    <div
      className="employee-agenda-card-inner"
    >
      <div
        className="employee-agenda-card-top"
      >
        <div
          className="employee-ribbon-container"
        >
          <div
            className="ribbon-container-condensed"
          />
        </div>
      </div>
      <div>
        <h3>
          <Link
            replace={false}
            to="/profile/public/4"
          />
        </h3>
      </div>
      <div
        className="employee-agenda-card-data-point-top"
      >
        <div
          className="employee-card-data-point"
        >
          <FontAwesome
            name="building-o"
          />
          <dt>
            ORG:
          </dt>
          <dd>
             
            <FontAwesome
              className="org-fa-arrow"
              name="long-arrow-right"
            />
             
          </dd>
        </div>
        <div
          className="employee-card-data-point"
        >
          <FontAwesome
            name="clock-o"
          />
          <dt>
            TED:
          </dt>
          <dd />
        </div>
        <div
          className="employee-card-data-point"
        >
          <FontAwesome
            name="user-o"
          />
          <dt>
            CDO:
          </dt>
          <dd />
        </div>
      </div>
      <div
        className="employee-card-data-point"
      >
        <FontAwesome
          name="pencil-square"
        />
        <dt>
          Author:
        </dt>
        <dd
          className="author-name"
        />
      </div>
      <div
        className="employee-card-data-point"
      >
        <FontAwesome
          name="calendar-o"
        />
        <dt>
          Panel Meeting Date:
        </dt>
        <dd />
      </div>
      <div
        className="employee-card-data-point"
      >
        <FontAwesome
          name="sticky-note-o"
        />
        <dt>
          Agenda Status:
        </dt>
        <dd />
      </div>
    </div>
    <div
      className="employee-agenda-card-top-bottom"
    >
      <div
        className="button-container"
        style={
          Object {
            "display": "flex",
            "flexDirection": "row",
            "justifyContent": "space-between",
          }
        }
      >
        <div
          className="view-agenda-item-container"
        >
          <InteractiveElement
            className="view-agenda-item-button"
            type="div"
          >
            <Link
              className="view-agenda-item-text"
              replace={false}
              to="/profile/ao/agendaitemhistory/perdet"
            >
              View History
            </Link>
          </InteractiveElement>
        </div>
        <div
          className="create-pai-box-container"
        >
          <InteractiveElement
            className="create-pai-box-button"
            type="div"
          >
            Create Agenda Item
          </InteractiveElement>
        </div>
      </div>
    </div>
  </BoxShadow>
</div>
`;
