// Jest Snapshot v1, https://goo.gl/fbAQLP

exports[`ResultsMultiSearchHeaderComponent matches snapshot 1`] = `
<div
  className="results-search-bar padded-main-content results-multi-search"
>
  <div
    className="usa-grid-full results-search-bar-container"
  >
    <form
      className="usa-grid-full"
      onSubmit={[Function]}
    >
      <fieldset
        className="usa-width-one-whole"
      >
        <div
          className="usa-grid-full"
        >
          <div
            className="usa-grid-full"
          >
            <div
              className="usa-width-five-sixths search-results-inputs search-keyword"
            >
              <legend
                className="usa-grid-full"
              >
                Find your next position
              </legend>
              <SearchBar
                alertText="Disabled"
                defaultValue=""
                id="multi-search-keyword-field"
                label="Keywords"
                labelSrOnly={true}
                noButton={true}
                noForm={true}
                onChangeText={[Function]}
                onSubmitSearch={[Function]}
                placeholder="Location, Skill, Grade, Language, Position number"
                submitDisabled={false}
                submitText="Search"
                type="medium"
              />
              <div
                className="search-sub-text"
              >
                Example: Abuja, Nigeria, Political Affairs (5505), Russian...
              </div>
            </div>
            <div
              className="usa-width-one-sixth search-submit-button"
            >
              <button
                className="usa-button"
                type="submit"
              >
                <FontAwesome
                  className="label-icon"
                  name="search"
                />
                Search
              </button>
            </div>
          </div>
        </div>
      </fieldset>
    </form>
  </div>
</div>
`;
